Archive member included to satisfy reference by file (symbol)

//usr/lib64/libc_nonshared.a(elf-init.oS)
                              /usr/lib/gcc/x86_64-redhat-linux/8/../../../../lib64/crt1.o (__libc_csu_init)

Discarded input sections

 .note.gnu.property
                0x0000000000000000       0x20 /usr/lib/gcc/x86_64-redhat-linux/8/../../../../lib64/crt1.o
 .note.GNU-stack
                0x0000000000000000        0x0 /usr/lib/gcc/x86_64-redhat-linux/8/../../../../lib64/crt1.o
 .note.gnu.property
                0x0000000000000000       0x20 /usr/lib/gcc/x86_64-redhat-linux/8/../../../../lib64/crti.o
 .note.GNU-stack
                0x0000000000000000        0x0 /usr/lib/gcc/x86_64-redhat-linux/8/../../../../lib64/crti.o
 .note.GNU-stack
                0x0000000000000000        0x0 /usr/lib/gcc/x86_64-redhat-linux/8/crtbegin.o
 .note.gnu.property
                0x0000000000000000       0x20 /usr/lib/gcc/x86_64-redhat-linux/8/crtbegin.o
 .group         0x0000000000000000        0x8 /tmp/ccgHTDXC.o
 .note.GNU-stack
                0x0000000000000000        0x0 /tmp/ccgHTDXC.o
 .note.gnu.property
                0x0000000000000000       0x50 //usr/lib64/libc_nonshared.a(elf-init.oS)
 .note.GNU-stack
                0x0000000000000000        0x0 //usr/lib64/libc_nonshared.a(elf-init.oS)
 .note.GNU-stack
                0x0000000000000000        0x0 /usr/lib/gcc/x86_64-redhat-linux/8/crtend.o
 .note.gnu.property
                0x0000000000000000       0x20 /usr/lib/gcc/x86_64-redhat-linux/8/crtend.o
 .note.gnu.property
                0x0000000000000000       0x20 /usr/lib/gcc/x86_64-redhat-linux/8/../../../../lib64/crtn.o
 .note.GNU-stack
                0x0000000000000000        0x0 /usr/lib/gcc/x86_64-redhat-linux/8/../../../../lib64/crtn.o

Memory Configuration

Name             Origin             Length             Attributes
*default*        0x0000000000000000 0xffffffffffffffff

Linker script and memory map

LOAD /usr/lib/gcc/x86_64-redhat-linux/8/../../../../lib64/crt1.o
LOAD /usr/lib/gcc/x86_64-redhat-linux/8/../../../../lib64/crti.o
LOAD /usr/lib/gcc/x86_64-redhat-linux/8/crtbegin.o
LOAD /tmp/ccgHTDXC.o
LOAD /usr/lib/gcc/x86_64-redhat-linux/8/libstdc++.so
LOAD /usr/lib/gcc/x86_64-redhat-linux/8/../../../../lib64/libm.so
START GROUP
LOAD //lib64/libm.so.6
LOAD //usr/lib64/libmvec_nonshared.a
LOAD //lib64/libmvec.so.1
END GROUP
LOAD /usr/lib/gcc/x86_64-redhat-linux/8/libgcc_s.so
LOAD /usr/lib/gcc/x86_64-redhat-linux/8/libgcc.a
LOAD /usr/lib/gcc/x86_64-redhat-linux/8/../../../../lib64/libc.so
START GROUP
LOAD //lib64/libc.so.6
LOAD //usr/lib64/libc_nonshared.a
LOAD //lib64/ld-linux-x86-64.so.2
END GROUP
LOAD /usr/lib/gcc/x86_64-redhat-linux/8/libgcc_s.so
LOAD /usr/lib/gcc/x86_64-redhat-linux/8/libgcc.a
LOAD /usr/lib/gcc/x86_64-redhat-linux/8/crtend.o
LOAD /usr/lib/gcc/x86_64-redhat-linux/8/../../../../lib64/crtn.o
                [!provide]                        PROVIDE (__executable_start = SEGMENT_START ("text-segment", 0x400000))
                0x00000000004002a8                . = (SEGMENT_START ("text-segment", 0x400000) + SIZEOF_HEADERS)

.interp         0x00000000004002a8       0x1c
 *(.interp)
 .interp        0x00000000004002a8       0x1c /usr/lib/gcc/x86_64-redhat-linux/8/../../../../lib64/crt1.o

.note.ABI-tag   0x00000000004002c4       0x20
 .note.ABI-tag  0x00000000004002c4       0x20 /usr/lib/gcc/x86_64-redhat-linux/8/../../../../lib64/crt1.o

.note.gnu.build-id
                0x00000000004002e4       0x24
 *(.note.gnu.build-id)
 .note.gnu.build-id
                0x00000000004002e4       0x24 /usr/lib/gcc/x86_64-redhat-linux/8/../../../../lib64/crt1.o

.hash
 *(.hash)

.gnu.hash       0x0000000000400308       0x24
 *(.gnu.hash)
 .gnu.hash      0x0000000000400308       0x24 /usr/lib/gcc/x86_64-redhat-linux/8/../../../../lib64/crt1.o

.dynsym         0x0000000000400330       0x90
 *(.dynsym)
 .dynsym        0x0000000000400330       0x90 /usr/lib/gcc/x86_64-redhat-linux/8/../../../../lib64/crt1.o

.dynstr         0x00000000004003c0       0xa8
 *(.dynstr)
 .dynstr        0x00000000004003c0       0xa8 /usr/lib/gcc/x86_64-redhat-linux/8/../../../../lib64/crt1.o

.gnu.version    0x0000000000400468        0xc
 *(.gnu.version)
 .gnu.version   0x0000000000400468        0xc /usr/lib/gcc/x86_64-redhat-linux/8/../../../../lib64/crt1.o

.gnu.version_d  0x0000000000400478        0x0
 *(.gnu.version_d)
 .gnu.version_d
                0x0000000000400478        0x0 /usr/lib/gcc/x86_64-redhat-linux/8/../../../../lib64/crt1.o

.gnu.version_r  0x0000000000400478       0x40
 *(.gnu.version_r)
 .gnu.version_r
                0x0000000000400478       0x40 /usr/lib/gcc/x86_64-redhat-linux/8/../../../../lib64/crt1.o

.rela.dyn       0x00000000004004b8       0x30
 *(.rela.init)
 *(.rela.text .rela.text.* .rela.gnu.linkonce.t.*)
 .rela.text     0x00000000004004b8        0x0 /usr/lib/gcc/x86_64-redhat-linux/8/../../../../lib64/crt1.o
 *(.rela.fini)
 *(.rela.rodata .rela.rodata.* .rela.gnu.linkonce.r.*)
 *(.rela.data .rela.data.* .rela.gnu.linkonce.d.*)
 .rela.data.rel.ro
                0x00000000004004b8        0x0 /usr/lib/gcc/x86_64-redhat-linux/8/../../../../lib64/crt1.o
 *(.rela.tdata .rela.tdata.* .rela.gnu.linkonce.td.*)
 *(.rela.tbss .rela.tbss.* .rela.gnu.linkonce.tb.*)
 *(.rela.ctors)
 *(.rela.dtors)
 *(.rela.got)
 .rela.got      0x00000000004004b8       0x30 /usr/lib/gcc/x86_64-redhat-linux/8/../../../../lib64/crt1.o
 *(.rela.bss .rela.bss.* .rela.gnu.linkonce.b.*)
 .rela.bss      0x00000000004004e8        0x0 /usr/lib/gcc/x86_64-redhat-linux/8/../../../../lib64/crt1.o
 *(.rela.ldata .rela.ldata.* .rela.gnu.linkonce.l.*)
 *(.rela.lbss .rela.lbss.* .rela.gnu.linkonce.lb.*)
 *(.rela.lrodata .rela.lrodata.* .rela.gnu.linkonce.lr.*)
 *(.rela.ifunc)

.rela.plt       0x00000000004004e8       0x48
 *(.rela.plt)
 .rela.plt      0x00000000004004e8       0x48 /usr/lib/gcc/x86_64-redhat-linux/8/../../../../lib64/crt1.o
                [!provide]                        PROVIDE (__rela_iplt_start = .)
 *(.rela.iplt)
 .rela.iplt     0x0000000000400530        0x0 /usr/lib/gcc/x86_64-redhat-linux/8/../../../../lib64/crt1.o
                [!provide]                        PROVIDE (__rela_iplt_end = .)
                0x0000000000401000                . = ALIGN (CONSTANT (MAXPAGESIZE))

.init           0x0000000000401000       0x1b
 *(SORT_NONE(.init))
 .init          0x0000000000401000       0x16 /usr/lib/gcc/x86_64-redhat-linux/8/../../../../lib64/crti.o
                0x0000000000401000                _init
 .init          0x0000000000401016        0x5 /usr/lib/gcc/x86_64-redhat-linux/8/../../../../lib64/crtn.o

.plt            0x0000000000401020       0x40
 *(.plt)
 .plt           0x0000000000401020       0x40 /usr/lib/gcc/x86_64-redhat-linux/8/../../../../lib64/crt1.o
                0x0000000000401030                __cxa_atexit@@GLIBC_2.2.5
                0x0000000000401040                std::ios_base::Init::Init()@@GLIBCXX_3.4
                0x0000000000401050                std::ios_base::Init::~Init()@@GLIBCXX_3.4
 *(.iplt)
 .iplt          0x0000000000401060        0x0 /usr/lib/gcc/x86_64-redhat-linux/8/../../../../lib64/crt1.o

.plt.got        0x0000000000401060        0x0
 *(.plt.got)
 .plt.got       0x0000000000401060        0x0 /usr/lib/gcc/x86_64-redhat-linux/8/../../../../lib64/crt1.o

.plt.sec
 *(.plt.sec)

.text           0x0000000000401060      0x245
 *(.text.unlikely .text.*_unlikely .text.unlikely.*)
 *(.text.exit .text.exit.*)
 *(.text.startup .text.startup.*)
 *(.text.hot .text.hot.*)
 *(.text .stub .text.* .gnu.linkonce.t.*)
 .text          0x0000000000401060       0x35 /usr/lib/gcc/x86_64-redhat-linux/8/../../../../lib64/crt1.o
                0x0000000000401060                _start
                0x0000000000401090                _dl_relocate_static_pie
 .text          0x0000000000401095        0x0 /usr/lib/gcc/x86_64-redhat-linux/8/../../../../lib64/crti.o
 *fill*         0x0000000000401095        0xb 
 .text          0x00000000004010a0       0xa6 /usr/lib/gcc/x86_64-redhat-linux/8/crtbegin.o
 .text          0x0000000000401146       0xcd /tmp/ccgHTDXC.o
                0x0000000000401146                square(int)
                0x0000000000401156                main
 *fill*         0x0000000000401213        0x1 
 .text._ZNK6SquareclEi
                0x0000000000401214       0x14 /tmp/ccgHTDXC.o
                0x0000000000401214                Square::operator()(int) const
 *fill*         0x0000000000401228        0x8 
 .text          0x0000000000401230       0x75 //usr/lib64/libc_nonshared.a(elf-init.oS)
                0x0000000000401230                __libc_csu_init
                0x00000000004012a0                __libc_csu_fini
 .text          0x00000000004012a5        0x0 /usr/lib/gcc/x86_64-redhat-linux/8/crtend.o
 .text          0x00000000004012a5        0x0 /usr/lib/gcc/x86_64-redhat-linux/8/../../../../lib64/crtn.o
 *(.gnu.warning)

.fini           0x00000000004012a8        0xd
 *(SORT_NONE(.fini))
 .fini          0x00000000004012a8        0x8 /usr/lib/gcc/x86_64-redhat-linux/8/../../../../lib64/crti.o
                0x00000000004012a8                _fini
 .fini          0x00000000004012b0        0x5 /usr/lib/gcc/x86_64-redhat-linux/8/../../../../lib64/crtn.o
                [!provide]                        PROVIDE (__etext = .)
                [!provide]                        PROVIDE (_etext = .)
                [!provide]                        PROVIDE (etext = .)
                0x0000000000402000                . = ALIGN (CONSTANT (MAXPAGESIZE))
                0x0000000000402000                . = SEGMENT_START ("rodata-segment", (ALIGN (CONSTANT (MAXPAGESIZE)) + (. & (CONSTANT (MAXPAGESIZE) - 0x1))))

.rodata         0x0000000000402000       0x1b
 *(.rodata .rodata.* .gnu.linkonce.r.*)
 .rodata.cst4   0x0000000000402000        0x4 /usr/lib/gcc/x86_64-redhat-linux/8/../../../../lib64/crt1.o
                0x0000000000402000                _IO_stdin_used
 *fill*         0x0000000000402004        0x4 
 .rodata        0x0000000000402008        0x8 /usr/lib/gcc/x86_64-redhat-linux/8/crtbegin.o
                0x0000000000402008                __dso_handle
 .rodata        0x0000000000402010        0xb /tmp/ccgHTDXC.o

.rodata1
 *(.rodata1)

.eh_frame_hdr   0x000000000040201c       0x5c
 *(.eh_frame_hdr)
 .eh_frame_hdr  0x000000000040201c       0x5c /usr/lib/gcc/x86_64-redhat-linux/8/../../../../lib64/crt1.o
                0x000000000040201c                __GNU_EH_FRAME_HDR
 *(.eh_frame_entry .eh_frame_entry.*)

.eh_frame       0x0000000000402078      0x168
 *(.eh_frame)
 .eh_frame      0x0000000000402078       0x40 /usr/lib/gcc/x86_64-redhat-linux/8/../../../../lib64/crt1.o
                                         0x5c (size before relaxing)
 *fill*         0x00000000004020b8        0x0 
 .eh_frame      0x00000000004020b8       0x28 /usr/lib/gcc/x86_64-redhat-linux/8/../../../../lib64/crt1.o
                                         0x40 (size before relaxing)
 .eh_frame      0x00000000004020e0        0x0 /usr/lib/gcc/x86_64-redhat-linux/8/../../../../lib64/crt1.o
 .eh_frame      0x00000000004020e0       0xa0 /tmp/ccgHTDXC.o
                                         0xb8 (size before relaxing)
 .eh_frame      0x0000000000402180       0x5c //usr/lib64/libc_nonshared.a(elf-init.oS)
                                         0x78 (size before relaxing)
 .eh_frame      0x00000000004021dc        0x4 /usr/lib/gcc/x86_64-redhat-linux/8/crtend.o
 *(.eh_frame.*)

.gcc_except_table
 *(.gcc_except_table .gcc_except_table.*)

.gnu_extab
 *(.gnu_extab*)

.exception_ranges
 *(.exception_ranges .exception_ranges*)
                0x0000000000403dd8                . = DATA_SEGMENT_ALIGN (CONSTANT (MAXPAGESIZE), CONSTANT (COMMONPAGESIZE))

.eh_frame
 *(.eh_frame)
 *(.eh_frame.*)

.gnu_extab
 *(.gnu_extab)

.gcc_except_table
 *(.gcc_except_table .gcc_except_table.*)

.exception_ranges
 *(.exception_ranges .exception_ranges*)

.tdata          0x0000000000403dd8        0x0
                [!provide]                        PROVIDE (__tdata_start = .)
 *(.tdata .tdata.* .gnu.linkonce.td.*)

.tbss
 *(.tbss .tbss.* .gnu.linkonce.tb.*)
 *(.tcommon)

.preinit_array  0x0000000000403dd8        0x0
                [!provide]                        PROVIDE (__preinit_array_start = .)
 *(.preinit_array)
                [!provide]                        PROVIDE (__preinit_array_end = .)

.init_array     0x0000000000403dd8       0x10
                0x0000000000403dd8                PROVIDE (__init_array_start = .)
 *(SORT_BY_INIT_PRIORITY(.init_array.*) SORT_BY_INIT_PRIORITY(.ctors.*))
 *(.init_array EXCLUDE_FILE(*crtend?.o *crtend.o *crtbegin?.o *crtbegin.o) .ctors)
 .init_array    0x0000000000403dd8        0x8 /usr/lib/gcc/x86_64-redhat-linux/8/crtbegin.o
 .init_array    0x0000000000403de0        0x8 /tmp/ccgHTDXC.o
                0x0000000000403de8                PROVIDE (__init_array_end = .)

.fini_array     0x0000000000403de8        0x8
                [!provide]                        PROVIDE (__fini_array_start = .)
 *(SORT_BY_INIT_PRIORITY(.fini_array.*) SORT_BY_INIT_PRIORITY(.dtors.*))
 *(.fini_array EXCLUDE_FILE(*crtend?.o *crtend.o *crtbegin?.o *crtbegin.o) .dtors)
 .fini_array    0x0000000000403de8        0x8 /usr/lib/gcc/x86_64-redhat-linux/8/crtbegin.o
                [!provide]                        PROVIDE (__fini_array_end = .)

.ctors
 *crtbegin.o(.ctors)
 *crtbegin?.o(.ctors)
 *(EXCLUDE_FILE(*crtend?.o *crtend.o) .ctors)
 *(SORT_BY_NAME(.ctors.*))
 *(.ctors)

.dtors
 *crtbegin.o(.dtors)
 *crtbegin?.o(.dtors)
 *(EXCLUDE_FILE(*crtend?.o *crtend.o) .dtors)
 *(SORT_BY_NAME(.dtors.*))
 *(.dtors)

.jcr
 *(.jcr)

.data.rel.ro    0x0000000000403df0        0x0
 *(.data.rel.ro.local* .gnu.linkonce.d.rel.ro.local.*)
 *(.data.rel.ro .data.rel.ro.* .gnu.linkonce.d.rel.ro.*)
 .data.rel.ro   0x0000000000403df0        0x0 /usr/lib/gcc/x86_64-redhat-linux/8/../../../../lib64/crt1.o

.dynamic        0x0000000000403df0      0x200
 *(.dynamic)
 .dynamic       0x0000000000403df0      0x200 /usr/lib/gcc/x86_64-redhat-linux/8/../../../../lib64/crt1.o
                0x0000000000403df0                _DYNAMIC

.got            0x0000000000403ff0       0x10
 *(.got)
 .got           0x0000000000403ff0       0x10 /usr/lib/gcc/x86_64-redhat-linux/8/../../../../lib64/crt1.o
 *(.igot)
                0x0000000000404fe8                . = DATA_SEGMENT_RELRO_END (., (SIZEOF (.got.plt) >= 0x18)?0x18:0x0)

.got.plt        0x0000000000404000       0x30
 *(.got.plt)
 .got.plt       0x0000000000404000       0x30 /usr/lib/gcc/x86_64-redhat-linux/8/../../../../lib64/crt1.o
                0x0000000000404000                _GLOBAL_OFFSET_TABLE_
 *(.igot.plt)
 .igot.plt      0x0000000000404030        0x0 /usr/lib/gcc/x86_64-redhat-linux/8/../../../../lib64/crt1.o

.data           0x0000000000404030        0x4
 *(.data .data.* .gnu.linkonce.d.*)
 .data          0x0000000000404030        0x4 /usr/lib/gcc/x86_64-redhat-linux/8/../../../../lib64/crt1.o
                0x0000000000404030                data_start
                0x0000000000404030                __data_start
 .data          0x0000000000404034        0x0 /usr/lib/gcc/x86_64-redhat-linux/8/../../../../lib64/crti.o
 .data          0x0000000000404034        0x0 /usr/lib/gcc/x86_64-redhat-linux/8/crtbegin.o
 .data          0x0000000000404034        0x0 /tmp/ccgHTDXC.o
 .data          0x0000000000404034        0x0 //usr/lib64/libc_nonshared.a(elf-init.oS)
 .data          0x0000000000404034        0x0 /usr/lib/gcc/x86_64-redhat-linux/8/crtend.o
 .data          0x0000000000404034        0x0 /usr/lib/gcc/x86_64-redhat-linux/8/../../../../lib64/crtn.o

.tm_clone_table
                0x0000000000404038        0x0
 .tm_clone_table
                0x0000000000404038        0x0 /usr/lib/gcc/x86_64-redhat-linux/8/crtbegin.o
 .tm_clone_table
                0x0000000000404038        0x0 /usr/lib/gcc/x86_64-redhat-linux/8/crtend.o

.data1
 *(.data1)
                0x0000000000404038                _edata = .
                [!provide]                        PROVIDE (edata = .)
                0x0000000000404038                . = .
                0x0000000000404038                __bss_start = .

.bss            0x0000000000404034        0x4
 *(.dynbss)
 .dynbss        0x0000000000404034        0x0 /usr/lib/gcc/x86_64-redhat-linux/8/../../../../lib64/crt1.o
 *(.bss .bss.* .gnu.linkonce.b.*)
 .bss           0x0000000000404034        0x0 /usr/lib/gcc/x86_64-redhat-linux/8/../../../../lib64/crt1.o
 .bss           0x0000000000404034        0x0 /usr/lib/gcc/x86_64-redhat-linux/8/../../../../lib64/crti.o
 .bss           0x0000000000404034        0x1 /usr/lib/gcc/x86_64-redhat-linux/8/crtbegin.o
 .bss           0x0000000000404035        0x1 /tmp/ccgHTDXC.o
 .bss           0x0000000000404036        0x0 //usr/lib64/libc_nonshared.a(elf-init.oS)
 .bss           0x0000000000404036        0x0 /usr/lib/gcc/x86_64-redhat-linux/8/crtend.o
 .bss           0x0000000000404036        0x0 /usr/lib/gcc/x86_64-redhat-linux/8/../../../../lib64/crtn.o
 *(COMMON)
                0x0000000000404038                . = ALIGN ((. != 0x0)?0x8:0x1)
 *fill*         0x0000000000404036        0x2 

.lbss
 *(.dynlbss)
 *(.lbss .lbss.* .gnu.linkonce.lb.*)
 *(LARGE_COMMON)
                0x0000000000404038                . = ALIGN (0x8)
                0x0000000000404038                . = SEGMENT_START ("ldata-segment", .)

.lrodata
 *(.lrodata .lrodata.* .gnu.linkonce.lr.*)

.ldata          0x0000000000406038        0x0
 *(.ldata .ldata.* .gnu.linkonce.l.*)
                0x0000000000406038                . = ALIGN ((. != 0x0)?0x8:0x1)
                0x0000000000406038                . = ALIGN (0x8)
                0x0000000000406038                _end = .
                [!provide]                        PROVIDE (end = .)
                0x0000000000406038                . = DATA_SEGMENT_END (.)

.stab
 *(.stab)

.stabstr
 *(.stabstr)

.stab.excl
 *(.stab.excl)

.stab.exclstr
 *(.stab.exclstr)

.stab.index
 *(.stab.index)

.stab.indexstr
 *(.stab.indexstr)

.comment        0x0000000000000000       0x2c
 *(.comment)
 .comment       0x0000000000000000       0x2c /usr/lib/gcc/x86_64-redhat-linux/8/../../../../lib64/crt1.o
                                         0x5a (size before relaxing)
 .comment       0x000000000000002c       0x2d /usr/lib/gcc/x86_64-redhat-linux/8/crtbegin.o
 .comment       0x000000000000002c       0x2d /tmp/ccgHTDXC.o
 .comment       0x000000000000002c       0x2d //usr/lib64/libc_nonshared.a(elf-init.oS)
 .comment       0x000000000000002c       0x2d /usr/lib/gcc/x86_64-redhat-linux/8/crtend.o

.gnu.build.attributes
                0x0000000000406038      0x558
 *(.gnu.build.attributes .gnu.build.attributes.*)
 .gnu.build.attributes
                0x0000000000406038      0x2e8 /usr/lib/gcc/x86_64-redhat-linux/8/../../../../lib64/crt1.o
 .gnu.build.attributes
                0x0000000000406320       0x6c /usr/lib/gcc/x86_64-redhat-linux/8/../../../../lib64/crti.o
 .gnu.build.attributes
                0x000000000040638c       0x24 /usr/lib/gcc/x86_64-redhat-linux/8/crtbegin.o
 .gnu.build.attributes
                0x00000000004063b0      0x150 //usr/lib64/libc_nonshared.a(elf-init.oS)
 .gnu.build.attributes
                0x0000000000406500       0x24 /usr/lib/gcc/x86_64-redhat-linux/8/crtend.o
 .gnu.build.attributes
                0x0000000000406524       0x6c /usr/lib/gcc/x86_64-redhat-linux/8/../../../../lib64/crtn.o

.debug
 *(.debug)

.line
 *(.line)

.debug_srcinfo
 *(.debug_srcinfo)

.debug_sfnames
 *(.debug_sfnames)

.debug_aranges
 *(.debug_aranges)

.debug_pubnames
 *(.debug_pubnames)

.debug_info
 *(.debug_info .gnu.linkonce.wi.*)

.debug_abbrev
 *(.debug_abbrev)

.debug_line
 *(.debug_line .debug_line.* .debug_line_end)

.debug_frame
 *(.debug_frame)

.debug_str
 *(.debug_str)

.debug_loc
 *(.debug_loc)

.debug_macinfo
 *(.debug_macinfo)

.debug_weaknames
 *(.debug_weaknames)

.debug_funcnames
 *(.debug_funcnames)

.debug_typenames
 *(.debug_typenames)

.debug_varnames
 *(.debug_varnames)

.debug_pubtypes
 *(.debug_pubtypes)

.debug_ranges
 *(.debug_ranges)

.debug_macro
 *(.debug_macro)

.debug_addr
 *(.debug_addr)

.gnu.attributes
 *(.gnu.attributes)

/DISCARD/
 *(.note.GNU-stack)
 *(.gnu_debuglink)
 *(.gnu.lto_*)
OUTPUT(keep_if.o elf64-x86-64)
